curl \
	-X POST \
	-H "Accept: text/html" \
	-d 'pricing[billing]=monthly&pricing[lane]=individual' \
	"https://www.pointfree.co/subscribe"