curl \
	-H "Accept: text/html" \
	"https://www.pointfree.co/"